#1 [internal] load local bake definitions
#1 reading from stdin 1.15kB 0.1s done
#1 DONE 0.1s

#2 [backend internal] load build definition from Dockerfile
#2 transferring dockerfile: 344B 0.0s done
#2 DONE 0.0s

#3 [frontend internal] load build definition from Dockerfile
#3 transferring dockerfile: 196B 0.0s done
#3 DONE 0.1s

#4 [frontend internal] load metadata for docker.io/library/node:20-alpine
#4 DONE 1.2s

#5 [backend internal] load metadata for docker.io/library/python:3.11-slim
#5 DONE 1.2s

#6 [frontend internal] load .dockerignore
#6 transferring context: 76B 0.0s done
#6 DONE 0.0s

#7 [backend internal] load .dockerignore
#7 transferring context: 147B 0.0s done
#7 DONE 0.0s

#8 [backend internal] load build context
#8 transferring context: 84.49kB 0.1s done
#8 DONE 0.1s

#9 [frontend 1/5] FROM docker.io/library/node:20-alpine@sha256:b88333c42c23fbd91596ebd7fd10de239cedab9617de04142dde7315e3bc0afa
#9 resolve docker.io/library/node:20-alpine@sha256:b88333c42c23fbd91596ebd7fd10de239cedab9617de04142dde7315e3bc0afa 0.1s done
#9 DONE 0.1s

#10 [frontend internal] load build context
#10 transferring context: 4.92kB 0.1s done
#10 DONE 0.1s

#11 [backend 1/6] FROM docker.io/library/python:3.11-slim@sha256:d6e4d224f70f9e0172a06a3a2eba2f768eb146811a349278b38fff3a36463b47
#11 resolve docker.io/library/python:3.11-slim@sha256:d6e4d224f70f9e0172a06a3a2eba2f768eb146811a349278b38fff3a36463b47 0.1s done
#11 DONE 0.1s

#12 [backend 2/6] WORKDIR /app
#12 CACHED

#13 [backend 3/6] RUN apt-get update && apt-get install -y gcc libpq-dev && rm -rf /var/lib/apt/lists/*
#13 CACHED

#14 [backend 4/6] COPY requirements.txt .
#14 CACHED

#15 [backend 5/6] RUN pip install --no-cache-dir -r requirements.txt
#15 CACHED

#16 [frontend 2/5] WORKDIR /app
#16 CACHED

#17 [frontend 3/5] COPY package*.json ./
#17 CACHED

#18 [frontend 4/5] RUN npm ci
#18 CACHED

#19 [frontend 5/5] COPY . .
#19 DONE 0.2s

#20 [backend 6/6] COPY . .
#20 DONE 0.3s

#21 [backend] exporting to image
#21 exporting layers
#21 exporting layers 0.3s done
#21 exporting manifest sha256:95f78526ec1f1a3164db14a577d9f5cc7de17bde669f96a1853103ae40b05736 0.0s done
#21 exporting config sha256:ac279057ca5280a904fa84a5f940e052d83c673c087e44f414ccea7c7c20fed6 0.0s done
#21 exporting attestation manifest sha256:bfc195481fd8062e3aa93c801c7968f348069f06c46edaf40d6af1dbd320104c
#21 exporting attestation manifest sha256:bfc195481fd8062e3aa93c801c7968f348069f06c46edaf40d6af1dbd320104c 0.0s done
#21 exporting manifest list sha256:670cee4ed24ce32a63a45d2e112931e6c3fa5fbe84f165ac596101efb8949521 0.0s done
#21 naming to docker.io/library/sophie-backend:latest done
#21 unpacking to docker.io/library/sophie-backend:latest
#21 ...

#22 [frontend] exporting to image
#22 exporting layers 0.3s done
#22 exporting manifest sha256:1fb3049af79ab4d8a07d73c9e9b0018dff2ff54f8434c7efefca230525407bf3 0.0s done
#22 exporting config sha256:e7195f705a20638410161b18e7971971f67c41805f04dc649a14bbfd902c38f3 0.0s done
#22 exporting attestation manifest sha256:b464a3a4a2bbb9356a823b2ca64e1a8a7167217e5a152cdcf9d950edb8c7084c 0.1s done
#22 exporting manifest list sha256:0ab71bf48fd8fc16c0dc0491bd82ae27cc5f67a5ec83b75c9f6cc577bffff18f 0.0s done
#22 naming to docker.io/library/sophie-frontend:latest 0.0s done
#22 unpacking to docker.io/library/sophie-frontend:latest 0.1s done
#22 DONE 0.7s

#21 [backend] exporting to image
#21 unpacking to docker.io/library/sophie-backend:latest 0.2s done
#21 DONE 0.8s

#23 [frontend] resolving provenance for metadata file
#23 DONE 0.0s

#24 [backend] resolving provenance for metadata file
#24 DONE 0.0s
docker :  sophie-frontend  Built
En línea: 1 Carácter: 73
+ ... acion Distribuida\Sophie" ; docker compose up -d --build 2>&1 | Tee-O ...
+                                 ~~~~~~~~~~~~~~~~~~~~~~~~~~~~~~~~~
    + CategoryInfo          : NotSpecified: ( sophie-frontend  Built:String) [ 
   ], RemoteException
    + FullyQualifiedErrorId : NativeCommandError
 
 sophie-backend  Built
 Container sophie-db  Running
 Container sophie-frontend  Recreate
 Container sophie-backend  Recreate
 Container sophie-frontend  Recreated
 Container sophie-backend  Recreated
 Container sophie-nginx  Running
 Container sophie-frontend  Starting
 Container sophie-db  Waiting
 Container sophie-db  Healthy
 Container sophie-backend  Starting
 Container sophie-frontend  Started
 Container sophie-backend  Started
